# Set up
createUser user1

# Test that we can't remove table synch from non-existent table
removeTableSynchronization user1 people
Exception: org.opendatakit.aggregate.odktables.client.exception.TableDoesNotExistException: Table with ID people does not exist!

# Test that we can remove table synch from synched table
createSynchronizedTable user1 people
removeTableSynchronization user1 people
    
# Clean up
cloneSynchronizedTable user1 people
deleteSynchronizedTable user1 people
deleteUser user1